[preview.uideck.com/items/material/index.html]
[backblue.gif]
[fade.gif]
[index.html]
[preview.uideck.com/items/material/assets/css/bootstrap.min.css]
[preview.uideck.com/items/material/assets/css/materialdesignicons.min.css]
[preview.uideck.com/items/material/assets/css/material.min.css]
[preview.uideck.com/items/material/assets/css/ripples.min.css]
[preview.uideck.com/items/material/assets/css/owl.carousel.css]
[preview.uideck.com/items/material/assets/css/magnific-popup.css]
[preview.uideck.com/items/material/assets/css/slicknav.css]
[preview.uideck.com/items/material/assets/css/animate.css]
[preview.uideck.com/items/material/assets/css/style.css]
[preview.uideck.com/items/material/assets/css/responsive.css]
[preview.uideck.com/items/material/assets/css/color-switcher.css]
[preview.uideck.com/items/material/assets/css/colors/indigo.css]
[preview.uideck.com/items/material/index-2.html]
[preview.uideck.com/items/material/assets/images/logo.png]
[preview.uideck.com/items/material/index-3.html]
[preview.uideck.com/items/material/about-us.html]
[preview.uideck.com/items/material/about-us2.html]
[preview.uideck.com/items/material/team.html]
[preview.uideck.com/items/material/services.html]
[preview.uideck.com/items/material/contact-us.html]
[preview.uideck.com/items/material/contact-us2.html]
[preview.uideck.com/items/material/404.html]
[preview.uideck.com/items/material/tab.html]
[preview.uideck.com/items/material/alert.html]
[preview.uideck.com/items/material/accordion.html]
[preview.uideck.com/items/material/pricing.html]
[preview.uideck.com/items/material/buttons.html]
[preview.uideck.com/items/material/icons.html]
[preview.uideck.com/items/material/carousel.html]
[preview.uideck.com/items/material/counter.html]
[preview.uideck.com/items/material/map.html]
[preview.uideck.com/items/material/portfolio-2.html]
[preview.uideck.com/items/material/portfolio.html]
[preview.uideck.com/items/material/portfolio-single.html]
[preview.uideck.com/items/material/blog.html]
[preview.uideck.com/items/material/blog-single.html]
[preview.uideck.com/items/material/about.html]
[preview.uideck.com/items/material/assets/images/slider/slider-bg1.jpg]
[preview.uideck.com/items/material/assets/images/slider/slider-bg2.jpg]
[preview.uideck.com/items/material/assets/images/slider/slider-bg3.jpg]
[preview.uideck.com/items/material/assets/images/about/video.jpg]
[preview.uideck.com/items/material/assets/images/portfolio/work1.jpg]
[preview.uideck.com/items/material/assets/images/portfolio/work2.jpg]
[preview.uideck.com/items/material/assets/images/portfolio/work3.jpg]
[preview.uideck.com/items/material/assets/images/portfolio/work4.jpg]
[preview.uideck.com/items/material/assets/images/portfolio/work5.jpg]
[preview.uideck.com/items/material/assets/images/portfolio/work6.jpg]
[preview.uideck.com/items/material/assets/images/team/team1.jpg]
[preview.uideck.com/items/material/assets/images/team/team2.jpg]
[preview.uideck.com/items/material/assets/images/team/team3.jpg]
[preview.uideck.com/items/material/assets/images/team/team4.jpg]
[preview.uideck.com/items/material/assets/images/testimonial/author2.jpg]
[preview.uideck.com/items/material/assets/images/testimonial/author3.jpg]
[preview.uideck.com/items/material/assets/images/clients/client1.png]
[preview.uideck.com/items/material/assets/images/clients/client2.png]
[preview.uideck.com/items/material/assets/images/clients/client3.png]
[preview.uideck.com/items/material/assets/images/clients/client4.png]
[preview.uideck.com/items/material/assets/images/blog/featured1.jpg]
[preview.uideck.com/items/material/assets/images/blog/featured2.jpg]
[preview.uideck.com/items/material/assets/images/blog/featured3.jpg]
[preview.uideck.com/items/material/assets/images/art/a1.jpg]
[preview.uideck.com/items/material/assets/images/art/a2.jpg]
[preview.uideck.com/items/material/assets/images/art/a3.jpg]
[preview.uideck.com/items/material/assets/js/popper.min.js]
[preview.uideck.com/items/material/assets/js/jquery-min.js]
[preview.uideck.com/items/material/assets/js/color-switcher.js]
[preview.uideck.com/items/material/assets/js/bootstrap.min.js]
[preview.uideck.com/items/material/assets/js/jquery.inview.js]
[preview.uideck.com/items/material/assets/js/jquery.mixitup.min.js]
[preview.uideck.com/items/material/assets/js/jquery.counterup.min.js]
[preview.uideck.com/items/material/assets/js/scroll-top.js]
[preview.uideck.com/items/material/assets/js/smoothscroll.js]
[preview.uideck.com/items/material/assets/js/material.min.js]
[preview.uideck.com/items/material/assets/js/ripples.min.js]
[preview.uideck.com/items/material/assets/js/owl.carousel.min.js]
[preview.uideck.com/items/material/assets/js/form-validator.min.js]
[preview.uideck.com/items/material/assets/js/contact-form-script.min.js]
[preview.uideck.com/items/material/assets/js/wow.js]
[preview.uideck.com/items/material/assets/js/jquery.vide.js]
[preview.uideck.com/items/material/assets/js/jquery.magnific-popup.min.js]
[preview.uideck.com/items/material/assets/js/jquery.slicknav.js]
[preview.uideck.com/items/material/index.html]
[preview.uideck.com/items/material/assets/css/bootstrap.min.css]
[preview.uideck.com/items/material/assets/js/main.js]
[preview.uideck.com/items/material/assets/fonts/materialdesignicons-webfontdf71.woff2]
[preview.uideck.com/items/material/assets/fonts/materialdesignicons-webfontdf71.eot]
[preview.uideck.com/items/material/assets/fonts/materialdesignicons-webfontdf71.ttf]
[preview.uideck.com/items/material/assets/css/materialdesignicons.min.css]
[preview.uideck.com/items/material/assets/css/material.min.css]
[preview.uideck.com/items/material/assets/css/ripples.min.css]
[preview.uideck.com/items/material/assets/css/grabbing.59.delayed]
[preview.uideck.com/items/material/assets/css/owl.carousel.css]
[preview.uideck.com/items/material/assets/css/magnific-popup.css]
[preview.uideck.com/items/material/assets/css/slicknav.css]
[preview.uideck.com/items/material/assets/css/animate.css]
[preview.uideck.com/items/material/assets/fonts/materialdesignicons-webfontd41d.eot]
[preview.uideck.com/items/material/assets/images/testimonial/testimonial_bg.jpg]
[preview.uideck.com/items/material/assets/fonts/materialdesignicons-webfontdf71.woff]
[preview.uideck.com/items/material/assets/images/cta-bg.jpg]
[preview.uideck.com/items/material/assets/css/style.css]
[preview.uideck.com/items/material/assets/css/responsive.css]
[preview.uideck.com/items/material/assets/css/color-switcher.css]
[preview.uideck.com/items/material/assets/css/colors/indigo.css]
[preview.uideck.com/items/material/index-2.html]
[preview.uideck.com/items/material/assets/images/slider/slide_1.jpg]
[preview.uideck.com/items/material/assets/images/slider/slide_2.jpg]
[preview.uideck.com/items/material/assets/images/slider/slide_3.jpg]
[preview.uideck.com/items/material/index-3.html]
[preview.uideck.com/items/material/about-us.html]
[preview.uideck.com/items/material/about-us2.html]
[preview.uideck.com/items/material/team-single.html]
[preview.uideck.com/items/material/team.html]
[preview.uideck.com/items/material/services.html]
[preview.uideck.com/items/material/contact-us.html]
[preview.uideck.com/items/material/contact-us2.html]
[preview.uideck.com/items/material/404.html]
[preview.uideck.com/items/material/tab.html]
[preview.uideck.com/items/material/alert.html]
[preview.uideck.com/items/material/accordion.html]
[preview.uideck.com/items/material/assets/images/bicycle.png]
[preview.uideck.com/items/material/assets/images/vespa-1.png]
[preview.uideck.com/items/material/assets/images/car.png]
[preview.uideck.com/items/material/pricing.html]
[preview.uideck.com/items/material/buttons.html]
[preview.uideck.com/items/material/icons.html]
[preview.uideck.com/items/material/carousel.html]
[preview.uideck.com/items/material/counter.html]
[preview.uideck.com/items/material/assets/js/map.js]
[preview.uideck.com/items/material/map.html]
[preview.uideck.com/items/material/portfolio-2.html]
[preview.uideck.com/items/material/portfolio.html]
[preview.uideck.com/items/material/assets/images/portfolio/portfolio-details.png]
[preview.uideck.com/items/material/portfolio-single.html]
[preview.uideck.com/items/material/assets/images/blog/featured5.jpg]
[preview.uideck.com/items/material/assets/images/blog/featured6.jpg]
[preview.uideck.com/items/material/assets/images/blog/featured8.jpg]
[preview.uideck.com/items/material/assets/images/blog/author-bg.jpg]
[preview.uideck.com/items/material/assets/images/blog/author.jpg]
[preview.uideck.com/items/material/assets/images/Instagram/insta1.jpg]
[preview.uideck.com/items/material/assets/images/Instagram/insta2.jpg]
[preview.uideck.com/items/material/assets/images/Instagram/insta4.jpg]
[preview.uideck.com/items/material/assets/images/Instagram/insta5.jpg]
[preview.uideck.com/items/material/assets/images/Instagram/insta6.jpg]
[preview.uideck.com/items/material/assets/images/Instagram/flickr1.jpg]
[preview.uideck.com/items/material/assets/images/Instagram/flickr2.jpg]
[preview.uideck.com/items/material/assets/images/Instagram/flickr3.jpg]
[preview.uideck.com/items/material/blog.html]
[preview.uideck.com/items/material/assets/images/blog/post-image.jpg]
[preview.uideck.com/items/material/assets/images/blog/comment1.jpg]
[preview.uideck.com/items/material/assets/images/blog/comment2.jpg]
[preview.uideck.com/items/material/assets/images/blog/comment3.jpg]
[preview.uideck.com/items/material/assets/images/blog/comment4.jpg]
[preview.uideck.com/items/material/blog-single.html]
[preview.uideck.com/items/material/about.html]
[preview.uideck.com/items/material/assets/images/testimonial/author1.jpg]
[preview.uideck.com/items/material/assets/images/slider/slider-bg1.jpg]
[preview.uideck.com/items/material/assets/fonts/materialdesignicons-webfontdf71.ttf]
[preview.uideck.com/items/material/assets/css/grabbing.html]
[preview.uideck.com/items/material/assets/images/cta-bg.jpg]
[preview.uideck.com/items/material/assets/images/slider/slide_3.jpg]
[preview.uideck.com/items/material/team-single.html]
[preview.uideck.com/items/material/assets/images/blog/featured4.jpg]
[preview.uideck.com/items/material/assets/fonts/materialdesignicons-webfontdf71.svg]
[preview.uideck.com/items/material/assets/images/blog/featured7.jpg]
[preview.uideck.com/items/material/assets/images/Instagram/insta1.html]
[preview.uideck.com/items/material/assets/images/Instagram/insta2.html]
[preview.uideck.com/items/material/assets/images/Instagram/insta4.html]
[preview.uideck.com/items/material/assets/images/Instagram/insta5.html]
[preview.uideck.com/items/material/assets/images/Instagram/insta6.html]
[preview.uideck.com/items/material/assets/images/Instagram/flickr1.html]
[preview.uideck.com/items/material/assets/images/Instagram/flickr2.html]
[preview.uideck.com/items/material/assets/images/Instagram/flickr3.html]
[preview.uideck.com/items/material/assets/images/Instagram/insta3.jpg]
[preview.uideck.com/items/material/assets/images/blog/featured2.jpg]
[preview.uideck.com/items/material/assets/fonts/materialdesignicons-webfontdf71.svg]
[preview.uideck.com/items/material/assets/images/Instagram/insta3.jpg]
[preview.uideck.com/items/material/assets/images/slider/slide_3.jpg]
[preview.uideck.com/items/material/assets/images/page-title-bg.jpg]
